[florentpetitfrere.com/index.html]
[backblue.gif]
[fade.gif]
[index.html]
[florentpetitfrere.com/fp_favicon.png]
[florentpetitfrere.com/css/style.css]
[florentpetitfrere.com/css/slider.css]
[florentpetitfrere.com/fonts/fonts.css]
[florentpetitfrere.com/css/slick.css]
[florentpetitfrere.com/css/slick-theme.css]
[www.google-analytics.com/analytics.js]
[florentpetitfrere.com/index-2.html]
[florentpetitfrere.com/all.html]
[florentpetitfrere.com/img/homepage/01-accueil-fashion.jpg]
[florentpetitfrere.com/img/homepage/02-accueil-fashion.jpg]
[florentpetitfrere.com/fashion/editorial/index.html]
[florentpetitfrere.com/img/homepage/01-accueil-commissioned.jpg]
[florentpetitfrere.com/fashion/commissioned/index.html]
[florentpetitfrere.com/img/homepage/01-accueil-portrait.jpg]
[florentpetitfrere.com/fashion/portrait/index.html]
[florentpetitfrere.com/img/homepage/01-accueil-documentary.jpg]
[florentpetitfrere.com/documentary/index.html]
[florentpetitfrere.com/img/homepage/01-accueil-testshoot.jpg]
[florentpetitfrere.com/testshoot/index.html]
[florentpetitfrere.com/about.html]
[florentpetitfrere.com/contact.html]
[florentpetitfrere.com/audio/slider.mp3]
[florentpetitfrere.com/audio/homepage.mp3]
[browser-update.org/update.min.js]
[florentpetitfrere.com/js/slick.min.js]
[florentpetitfrere.com/js/jquery-3.1.1.min.js]
[florentpetitfrere.com/js/ftscroller.min.js]
[florentpetitfrere.com/js/script.js]
[florentpetitfrere.com/js/jquery.jigowatt.min.js]
[florentpetitfrere.com/js/pace.min.js]
[florentpetitfrere.com/index.html]
[florentpetitfrere.com/fp_apple-icon.html]
[florentpetitfrere.com/img/next-icone-white3.png]
[florentpetitfrere.com/js/tweenmax.min.js]
[florentpetitfrere.com/img/prev-icone-white3.png]
[florentpetitfrere.com/img/next-icone-black2.png]
[florentpetitfrere.com/img/prev-icone-black2.png]
[florentpetitfrere.com/css/style.css]
[florentpetitfrere.com/css/slider.css]
[florentpetitfrere.com/fonts/bebasneue-bold.eot]
[florentpetitfrere.com/fonts/bebasneue-bold.ttf]
[florentpetitfrere.com/fonts/bebasneue-boldd41d.eot]
[florentpetitfrere.com/fonts/bebasneue-bold.woff]
[florentpetitfrere.com/fonts/bebasneue_book-webfont.eot]
[florentpetitfrere.com/fonts/bebasneue_book-webfontd41d.eot]
[florentpetitfrere.com/fonts/bebasneue_book-webfont.woff]
[florentpetitfrere.com/fonts/bebasneue_light-webfont.eot]
[florentpetitfrere.com/fonts/bebasneue_light-webfontd41d.eot]
[florentpetitfrere.com/fonts/bebasneue_light-webfont.woff]
[florentpetitfrere.com/fonts/maisonneue-bold-webfont.eot]
[florentpetitfrere.com/fonts/maisonneue-bold-webfontd41d.eot]
[florentpetitfrere.com/fonts/maisonneue-bold-webfont.woff]
[florentpetitfrere.com/fonts/maisonneue-book-webfont.eot]
[florentpetitfrere.com/fonts/maisonneue-book-webfontd41d.eot]
[florentpetitfrere.com/fonts/maisonneue-book-webfont.woff]
[florentpetitfrere.com/fonts/ButlerStencil-Bold.eot]
[florentpetitfrere.com/fonts/ButlerStencil-Bold.woff]
[florentpetitfrere.com/fonts/ButlerStencil-Boldd41d.eot]
[florentpetitfrere.com/fonts/ButlerStencil-Bold.ttf]
[florentpetitfrere.com/fonts/Butler-Bold.eot]
[florentpetitfrere.com/fonts/Butler-Boldd41d.eot]
[florentpetitfrere.com/fonts/Butler-Bold.woff]
[florentpetitfrere.com/fonts/Butler-Bold.ttf]
[florentpetitfrere.com/fonts/Butler-Light.eot]
[florentpetitfrere.com/fonts/Butler-Light.woff]
[florentpetitfrere.com/fonts/Butler-Lightd41d.eot]
[florentpetitfrere.com/fonts/Butler-Light.ttf]
[florentpetitfrere.com/fonts/fonts.css]
[florentpetitfrere.com/css/slick.css]
[florentpetitfrere.com/img/prev-icone-white2.png]
[florentpetitfrere.com/img/next-icone-white2.png]
[florentpetitfrere.com/css/slick-theme.css]
[florentpetitfrere.com/index-2.html]
[florentpetitfrere.com/fashion/editorial/editorial.html]
[florentpetitfrere.com/img/fashion/editorial/cover.jpg]
[florentpetitfrere.com/fashion/commissioned/commissioned.html]
[florentpetitfrere.com/img/fashion/commissioned/cover.jpg]
[florentpetitfrere.com/fashion/portrait/portrait.html]
[florentpetitfrere.com/img/fashion/portrait/cover.jpg]
[florentpetitfrere.com/documentary/documentary.html]
[florentpetitfrere.com/img/documentary/cover.jpg]
[florentpetitfrere.com/img/testshoot/cover.jpg]
[florentpetitfrere.com/all.html]
[florentpetitfrere.com/img/homepage/01-accueil-fashion.jpg]
[florentpetitfrere.com/img/fashion/editorial/overall/01.jpg]
[florentpetitfrere.com/img/fashion/editorial/overall/02.jpg]
[florentpetitfrere.com/img/fashion/editorial/overall/03.jpg]
[florentpetitfrere.com/img/fashion/editorial/overall/04.jpg]
[florentpetitfrere.com/img/fashion/editorial/overall/05.jpg]
[florentpetitfrere.com/img/fashion/editorial/overall/06.jpg]
[florentpetitfrere.com/img/fashion/editorial/overall/07.jpg]
[florentpetitfrere.com/img/fashion/editorial/overall/08.jpg]
[florentpetitfrere.com/img/fashion/editorial/overall/09.jpg]
[florentpetitfrere.com/img/fashion/editorial/overall/10.jpg]
[florentpetitfrere.com/img/fashion/editorial/overall/11.jpg]
[florentpetitfrere.com/img/fashion/editorial/overall/12.jpg]
[florentpetitfrere.com/img/fashion/editorial/overall/13.jpg]
[florentpetitfrere.com/img/fashion/editorial/overall/14.jpg]
[florentpetitfrere.com/img/fashion/editorial/overall/15.jpg]
[florentpetitfrere.com/img/fashion/editorial/overall/16.jpg]
[florentpetitfrere.com/img/fashion/editorial/overall/17.jpg]
[florentpetitfrere.com/img/fashion/editorial/overall/18.jpg]
[florentpetitfrere.com/img/fashion/editorial/overall/19.jpg]
[florentpetitfrere.com/img/fashion/editorial/overall/20.jpg]
[florentpetitfrere.com/img/fashion/editorial/overall/21.jpg]
[florentpetitfrere.com/img/fashion/editorial/overall/22.jpg]
[florentpetitfrere.com/img/fashion/editorial/overall/23.jpg]
[florentpetitfrere.com/img/fashion/editorial/overall/24.jpg]
[florentpetitfrere.com/img/fashion/editorial/overall/25.jpg]
[florentpetitfrere.com/img/fashion/editorial/overall/26.jpg]
[florentpetitfrere.com/img/fashion/editorial/overall/27.jpg]
[florentpetitfrere.com/img/fashion/editorial/overall/28.jpg]
[florentpetitfrere.com/img/fashion/editorial/overall/29.jpg]
[florentpetitfrere.com/img/fashion/editorial/overall/30.jpg]
[florentpetitfrere.com/img/fashion/editorial/cover3.jpg]
[florentpetitfrere.com/fashion/editorial/index.html]
[florentpetitfrere.com/img/homepage/01-accueil-commissioned.jpg]
[florentpetitfrere.com/img/fashion/commissioned/overall/01.jpg]
[florentpetitfrere.com/img/fashion/commissioned/overall/02.jpg]
[florentpetitfrere.com/img/fashion/commissioned/overall/03.jpg]
[florentpetitfrere.com/img/fashion/commissioned/overall/04.jpg]
[florentpetitfrere.com/img/fashion/commissioned/overall/05.jpg]
[florentpetitfrere.com/img/fashion/commissioned/overall/06.jpg]
[florentpetitfrere.com/img/fashion/commissioned/overall/07.jpg]
[florentpetitfrere.com/img/fashion/commissioned/overall/08.jpg]
[florentpetitfrere.com/img/fashion/commissioned/overall/09.jpg]
[florentpetitfrere.com/img/fashion/commissioned/overall/10.jpg]
[florentpetitfrere.com/img/fashion/commissioned/overall/11.jpg]
[florentpetitfrere.com/img/fashion/commissioned/overall/12.jpg]
[florentpetitfrere.com/img/fashion/commissioned/overall/13.jpg]
[florentpetitfrere.com/img/fashion/commissioned/overall/14.jpg]
[florentpetitfrere.com/img/fashion/commissioned/overall/15.jpg]
[florentpetitfrere.com/img/fashion/commissioned/overall/16.jpg]
[florentpetitfrere.com/img/fashion/commissioned/overall/17.jpg]
[florentpetitfrere.com/img/fashion/commissioned/overall/18.jpg]
[florentpetitfrere.com/img/fashion/commissioned/overall/19.jpg]
[florentpetitfrere.com/img/fashion/commissioned/cover3.jpg]
[florentpetitfrere.com/fashion/commissioned/index.html]
[florentpetitfrere.com/img/homepage/01-accueil-portrait.jpg]
[florentpetitfrere.com/img/fashion/portrait/overall/01.jpg]
[florentpetitfrere.com/img/fashion/portrait/overall/02.jpg]
[florentpetitfrere.com/img/fashion/portrait/overall/03.jpg]
[florentpetitfrere.com/img/fashion/portrait/overall/04.jpg]
[florentpetitfrere.com/img/fashion/portrait/overall/05.jpg]
[florentpetitfrere.com/img/fashion/portrait/overall/06.jpg]
[florentpetitfrere.com/img/fashion/portrait/overall/07.jpg]
[florentpetitfrere.com/img/fashion/portrait/overall/08.jpg]
[florentpetitfrere.com/img/fashion/portrait/overall/09.jpg]
[florentpetitfrere.com/img/fashion/portrait/cover3.jpg]
[florentpetitfrere.com/fashion/portrait/index.html]
[florentpetitfrere.com/img/homepage/01-accueil-documentary.jpg]
[florentpetitfrere.com/img/documentary/overall/01.jpg]
[florentpetitfrere.com/img/documentary/overall/02.jpg]
[florentpetitfrere.com/img/documentary/overall/03.jpg]
[florentpetitfrere.com/img/documentary/overall/04.jpg]
[florentpetitfrere.com/img/documentary/overall/05.jpg]
[florentpetitfrere.com/img/documentary/overall/06.jpg]
[florentpetitfrere.com/img/documentary/overall/07.jpg]
[florentpetitfrere.com/img/documentary/overall/08.jpg]
[florentpetitfrere.com/img/documentary/overall/09.jpg]
[florentpetitfrere.com/img/documentary/overall/10.jpg]
[florentpetitfrere.com/img/documentary/overall/11.jpg]
[florentpetitfrere.com/img/documentary/overall/12.jpg]
[florentpetitfrere.com/img/documentary/overall/13.jpg]
[florentpetitfrere.com/img/documentary/overall/14.jpg]
[florentpetitfrere.com/img/documentary/overall/15.jpg]
[florentpetitfrere.com/img/documentary/overall/16.jpg]
[florentpetitfrere.com/img/documentary/overall/17.jpg]
[florentpetitfrere.com/img/documentary/overall/18.jpg]
[florentpetitfrere.com/img/documentary/overall/19.jpg]
[florentpetitfrere.com/img/documentary/overall/20.jpg]
[florentpetitfrere.com/img/documentary/overall/21.jpg]
[florentpetitfrere.com/img/documentary/overall/22.jpg]
[florentpetitfrere.com/img/documentary/overall/23.jpg]
[florentpetitfrere.com/documentary/index.html]
[florentpetitfrere.com/img/testshoot/01-testshoot.jpg]
[florentpetitfrere.com/img/testshoot/02-testshoot.jpg]
[florentpetitfrere.com/img/testshoot/03-testshoot.jpg]
[florentpetitfrere.com/testshoot/index.html]
[florentpetitfrere.com/img/photo-profil.jpg]
[florentpetitfrere.com/about.html]
[florentpetitfrere.com/contact.html]
[florentpetitfrere.com/audio/homepage.mp3]
[florentpetitfrere.com/fonts/bebasneue-bold.svg]
[florentpetitfrere.com/fonts/bebasneue_book-webfont.html]
[florentpetitfrere.com/fonts/bebasneue_book-webfont.svg]
[florentpetitfrere.com/fonts/bebasneue_light-webfont.html]
[florentpetitfrere.com/fonts/bebasneue_light-webfont.svg]
[florentpetitfrere.com/fonts/maisonneue-bold-webfont.html]
[florentpetitfrere.com/fonts/maisonneue-bold-webfont.svg]
[florentpetitfrere.com/fonts/maisonneue-book-webfont.html]
[florentpetitfrere.com/fonts/maisonneue-book-webfont.svg]
[florentpetitfrere.com/fashion/editorial/01-fucking-young.html]
[florentpetitfrere.com/img/fashion/editorial/01-fucking-young/cover.jpg]
[florentpetitfrere.com/fashion/editorial/02-zebule.html]
[florentpetitfrere.com/img/fashion/editorial/02-zebule/cover.jpg]
[florentpetitfrere.com/fashion/editorial/03-bambi.html]
[florentpetitfrere.com/img/fashion/editorial/03-bambi/cover.jpg]
[florentpetitfrere.com/fashion/editorial/04-esquire.html]
[florentpetitfrere.com/img/fashion/editorial/04-esquire/cover.jpg]
[florentpetitfrere.com/fashion/editorial/05-fashizblack.html]
[florentpetitfrere.com/img/fashion/editorial/05-fashizblack/cover.jpg]
[florentpetitfrere.com/fashion/editorial/06-it-post.html]
[florentpetitfrere.com/img/fashion/editorial/06-it-post/cover.jpg]
[florentpetitfrere.com/fashion/editorial/07-zebule.html]
[florentpetitfrere.com/img/fashion/editorial/07-zebule/cover.jpg]
[florentpetitfrere.com/fashion/editorial/08-random.html]
[florentpetitfrere.com/img/fashion/editorial/08-random/cover.jpg]
[florentpetitfrere.com/fashion/editorial/09-zebule.html]
[florentpetitfrere.com/img/fashion/editorial/09-zebule/cover.jpg]
[florentpetitfrere.com/fashion/editorial/editorial.html]
[florentpetitfrere.com/img/fashion/editorial/cover.jpg]
[florentpetitfrere.com/fashion/commissioned/01-myplace.html]
[florentpetitfrere.com/img/fashion/commissioned/01-myplace/cover.jpg]
[florentpetitfrere.com/fashion/commissioned/02-first.html]
[florentpetitfrere.com/img/fashion/commissioned/02-first/cover.jpg]
[florentpetitfrere.com/fashion/commissioned/03-look2mode.html]
[florentpetitfrere.com/img/fashion/commissioned/03-look2mode/cover.jpg]
[florentpetitfrere.com/fashion/commissioned/04-tatler.html]
[florentpetitfrere.com/img/fashion/commissioned/04-tatler/cover.jpg]
[florentpetitfrere.com/fashion/commissioned/05-tatler.html]
[florentpetitfrere.com/img/fashion/commissioned/05-tatler/cover.jpg]
[florentpetitfrere.com/fashion/commissioned/06-scmp.html]
[florentpetitfrere.com/img/fashion/commissioned/06-scmp/cover.jpg]
[florentpetitfrere.com/fashion/commissioned/07-donnabel.html]
[florentpetitfrere.com/img/fashion/commissioned/07-donnabel/cover.jpg]
[florentpetitfrere.com/fashion/commissioned/commissioned.html]
[florentpetitfrere.com/fashion/portrait/01-lebronjames.html]
[florentpetitfrere.com/img/fashion/portrait/01-lebronjames/cover.jpg]
[florentpetitfrere.com/fashion/portrait/02-pierreherme.html]
[florentpetitfrere.com/img/fashion/portrait/02-pierreherme/cover.jpg]
[florentpetitfrere.com/fashion/portrait/03-male-headshot.html]
[florentpetitfrere.com/img/fashion/portrait/03-male-headshot/cover.jpg]
[florentpetitfrere.com/fashion/portrait/portrait.html]
[florentpetitfrere.com/documentary/01-hongkong-protest.html]
[florentpetitfrere.com/img/documentary/01-hongkong-protest/cover.jpg]
[florentpetitfrere.com/documentary/02-myanmar.html]
[florentpetitfrere.com/img/documentary/02-myanmar/cover.jpg]
[florentpetitfrere.com/documentary/03-shangrila.html]
[florentpetitfrere.com/img/documentary/03-shangrila/cover.jpg]
[florentpetitfrere.com/documentary/04-mumbai.html]
[florentpetitfrere.com/img/documentary/04-mumbai/cover.jpg]
[florentpetitfrere.com/img/testshoot/cover2.jpg]
[florentpetitfrere.com/documentary/documentary.html]
[florentpetitfrere.com/img/documentary/cover.jpg]
[florentpetitfrere.com/img/fashion/editorial/overall/06.jpg]
[florentpetitfrere.com/img/fashion/editorial/overall/11.jpg]
[florentpetitfrere.com/img/fashion/commissioned/overall/19.jpg]
[florentpetitfrere.com/img/fashion/portrait/overall/01.jpg]
[florentpetitfrere.com/img/fashion/portrait/overall/07.jpg]
[florentpetitfrere.com/img/fashion/portrait/overall/08.jpg]
[florentpetitfrere.com/img/fashion/portrait/overall/09.jpg]
[florentpetitfrere.com/img/testshoot/01-testshoot.jpg]
[florentpetitfrere.com/img/fashion/editorial/01-fucking-young/01.jpg]
[florentpetitfrere.com/img/fashion/editorial/01-fucking-young/02.jpg]
[florentpetitfrere.com/img/fashion/editorial/01-fucking-young/03.jpg]
[florentpetitfrere.com/img/fashion/editorial/01-fucking-young/04.jpg]
[florentpetitfrere.com/img/fashion/editorial/01-fucking-young/05.jpg]
[florentpetitfrere.com/img/fashion/editorial/01-fucking-young/06.jpg]
[florentpetitfrere.com/img/fashion/editorial/01-fucking-young/07.jpg]
[florentpetitfrere.com/img/fashion/editorial/01-fucking-young/08.jpg]
[florentpetitfrere.com/img/fashion/editorial/02-zebule/cover2.jpg]
[florentpetitfrere.com/fashion/editorial/01-fucking-young.html]
[florentpetitfrere.com/img/fashion/editorial/02-zebule/01.jpg]
[florentpetitfrere.com/img/fashion/editorial/02-zebule/02.jpg]
[florentpetitfrere.com/img/fashion/editorial/02-zebule/03.jpg]
[florentpetitfrere.com/img/fashion/editorial/02-zebule/04.jpg]
[florentpetitfrere.com/img/fashion/editorial/02-zebule/05.jpg]
[florentpetitfrere.com/img/fashion/editorial/02-zebule/06.jpg]
[florentpetitfrere.com/img/fashion/editorial/02-zebule/07.jpg]
[florentpetitfrere.com/img/fashion/editorial/03-bambi/cover2.jpg]
[florentpetitfrere.com/fashion/editorial/02-zebule.html]
[florentpetitfrere.com/img/fashion/editorial/03-bambi/01.jpg]
[florentpetitfrere.com/img/fashion/editorial/03-bambi/02.jpg]
[florentpetitfrere.com/img/fashion/editorial/03-bambi/03.jpg]
[florentpetitfrere.com/img/fashion/editorial/03-bambi/04.jpg]
[florentpetitfrere.com/img/fashion/editorial/03-bambi/05.jpg]
[florentpetitfrere.com/img/fashion/editorial/04-esquire/cover2.jpg]
[florentpetitfrere.com/fashion/editorial/03-bambi.html]
[florentpetitfrere.com/img/fashion/editorial/04-esquire/01.jpg]
[florentpetitfrere.com/img/fashion/editorial/04-esquire/02.jpg]
[florentpetitfrere.com/img/fashion/editorial/04-esquire/03.jpg]
[florentpetitfrere.com/img/fashion/editorial/04-esquire/04.jpg]
[florentpetitfrere.com/img/fashion/editorial/05-fashizblack/cover2.jpg]
[florentpetitfrere.com/fashion/editorial/04-esquire.html]
[florentpetitfrere.com/img/fashion/editorial/05-fashizblack/01.jpg]
[florentpetitfrere.com/img/fashion/editorial/05-fashizblack/02.jpg]
[florentpetitfrere.com/img/fashion/editorial/05-fashizblack/03.jpg]
[florentpetitfrere.com/img/fashion/editorial/05-fashizblack/04.jpg]
[florentpetitfrere.com/img/fashion/editorial/05-fashizblack/05.jpg]
[florentpetitfrere.com/img/fashion/editorial/06-it-post/cover2.jpg]
[florentpetitfrere.com/fashion/editorial/05-fashizblack.html]
[florentpetitfrere.com/img/fashion/editorial/06-it-post/01.jpg]
[florentpetitfrere.com/img/fashion/editorial/06-it-post/02.jpg]
[florentpetitfrere.com/img/fashion/editorial/06-it-post/03.jpg]
[florentpetitfrere.com/img/fashion/editorial/06-it-post/04.jpg]
[florentpetitfrere.com/img/fashion/editorial/06-it-post/05.jpg]
[florentpetitfrere.com/img/fashion/editorial/06-it-post/06.jpg]
[florentpetitfrere.com/img/fashion/editorial/07-zebule/cover2.jpg]
[florentpetitfrere.com/fashion/editorial/06-it-post.html]
[florentpetitfrere.com/img/fashion/editorial/07-zebule/01.jpg]
[florentpetitfrere.com/img/fashion/editorial/07-zebule/02.jpg]
[florentpetitfrere.com/img/fashion/editorial/07-zebule/03.jpg]
[florentpetitfrere.com/img/fashion/editorial/07-zebule/04.jpg]
[florentpetitfrere.com/img/fashion/editorial/07-zebule/05.jpg]
[florentpetitfrere.com/img/fashion/editorial/08-random/cover2.jpg]
[florentpetitfrere.com/fashion/editorial/07-zebule.html]
[florentpetitfrere.com/img/fashion/editorial/08-random/01.jpg]
[florentpetitfrere.com/img/fashion/editorial/08-random/02.jpg]
[florentpetitfrere.com/img/fashion/editorial/08-random/03.jpg]
[florentpetitfrere.com/img/fashion/editorial/09-zebule/cover2.jpg]
[florentpetitfrere.com/fashion/editorial/08-random.html]
[florentpetitfrere.com/img/fashion/editorial/09-zebule/01.jpg]
[florentpetitfrere.com/img/fashion/editorial/09-zebule/02.jpg]
[florentpetitfrere.com/img/fashion/editorial/09-zebule/03.jpg]
[florentpetitfrere.com/img/fashion/editorial/09-zebule/04.jpg]
[florentpetitfrere.com/img/fashion/commissioned/01-myplace/cover2.jpg]
[florentpetitfrere.com/fashion/editorial/09-zebule.html]
[florentpetitfrere.com/img/fashion/commissioned/cover2.html]
[florentpetitfrere.com/img/fashion/commissioned/01-myplace/01.jpg]
[florentpetitfrere.com/img/fashion/commissioned/01-myplace/02.jpg]
[florentpetitfrere.com/img/fashion/commissioned/01-myplace/03.jpg]
[florentpetitfrere.com/img/fashion/commissioned/01-myplace/04.jpg]
[florentpetitfrere.com/img/fashion/commissioned/01-myplace/05.jpg]
[florentpetitfrere.com/img/fashion/commissioned/02-first/cover2.jpg]
[florentpetitfrere.com/fashion/commissioned/01-myplace.html]
[florentpetitfrere.com/img/fashion/commissioned/02-first/01.jpg]
[florentpetitfrere.com/img/fashion/commissioned/02-first/02.jpg]
[florentpetitfrere.com/img/fashion/commissioned/02-first/03.jpg]
[florentpetitfrere.com/img/fashion/commissioned/02-first/04.jpg]
[florentpetitfrere.com/img/fashion/commissioned/03-look2mode/cover2.jpg]
[florentpetitfrere.com/fashion/commissioned/02-first.html]
[florentpetitfrere.com/img/fashion/commissioned/03-look2mode/01.jpg]
[florentpetitfrere.com/img/fashion/commissioned/03-look2mode/02.jpg]
[florentpetitfrere.com/img/fashion/commissioned/03-look2mode/03.jpg]
[florentpetitfrere.com/img/fashion/commissioned/04-tatler/cover2.jpg]
[florentpetitfrere.com/fashion/commissioned/03-look2mode.html]
[florentpetitfrere.com/img/fashion/commissioned/04-tatler/01.jpg]
[florentpetitfrere.com/img/fashion/commissioned/04-tatler/02.jpg]
[florentpetitfrere.com/img/fashion/commissioned/04-tatler/03.jpg]
[florentpetitfrere.com/img/fashion/commissioned/05-tatler/cover2.jpg]
[florentpetitfrere.com/fashion/commissioned/04-tatler.html]
[florentpetitfrere.com/img/fashion/commissioned/05-tatler/01.jpg]
[florentpetitfrere.com/img/fashion/commissioned/06-scmp/cover2.jpg]
[florentpetitfrere.com/fashion/commissioned/05-tatler.html]
[florentpetitfrere.com/img/fashion/commissioned/06-scmp/01.jpg]
[florentpetitfrere.com/img/fashion/commissioned/06-scmp/02.jpg]
[florentpetitfrere.com/img/fashion/commissioned/06-scmp/03.jpg]
[florentpetitfrere.com/img/fashion/commissioned/06-scmp/04.jpg]
[florentpetitfrere.com/img/fashion/portrait/01-lebronjames/cover2.jpg]
[florentpetitfrere.com/fashion/commissioned/06-scmp.html]
[florentpetitfrere.com/img/fashion/commissioned/07-donnabel/01.jpg]
[florentpetitfrere.com/img/fashion/commissioned/07-donnabel/02.jpg]
[florentpetitfrere.com/img/fashion/commissioned/07-donnabel/03.jpg]
[florentpetitfrere.com/fashion/commissioned/07-donnabel.html]
[florentpetitfrere.com/img/fashion/portrait/cover2.html]
[florentpetitfrere.com/img/fashion/portrait/01-lebronjames/01.jpg]
[florentpetitfrere.com/img/fashion/portrait/02-pierreherme/cover2.jpg]
[florentpetitfrere.com/fashion/portrait/01-lebronjames.html]
[florentpetitfrere.com/img/fashion/portrait/02-pierreherme/01.jpg]
[florentpetitfrere.com/fashion/portrait/02-pierreherme.html]
[florentpetitfrere.com/img/fashion/portrait/03-male-headshot/01.jpg]
[florentpetitfrere.com/img/fashion/portrait/03-male-headshot/02.jpg]
[florentpetitfrere.com/img/fashion/portrait/03-male-headshot/03.jpg]
[florentpetitfrere.com/img/fashion/portrait/03-male-headshot/04.jpg]
[florentpetitfrere.com/img/fashion/portrait/03-male-headshot/05.jpg]
[florentpetitfrere.com/img/fashion/portrait/03-male-headshot/06.jpg]
[florentpetitfrere.com/img/fashion/portrait/03-male-headshot/07.jpg]
[florentpetitfrere.com/img/fashion/portrait/03-male-headshot/08.jpg]
[florentpetitfrere.com/img/fashion/portrait/03-male-headshot/09.jpg]
[florentpetitfrere.com/img/fashion/portrait/03-male-headshot/10.jpg]
[florentpetitfrere.com/img/fashion/portrait/03-male-headshot/11.jpg]
[florentpetitfrere.com/img/fashion/portrait/03-male-headshot/12.jpg]
[florentpetitfrere.com/img/fashion/portrait/03-male-headshot/13.jpg]
[florentpetitfrere.com/img/documentary/cover2.jpg]
[florentpetitfrere.com/fashion/portrait/03-male-headshot.html]
[florentpetitfrere.com/img/documentary/01-hongkong-protest/01.jpg]
[florentpetitfrere.com/img/documentary/01-hongkong-protest/02.jpg]
[florentpetitfrere.com/img/documentary/01-hongkong-protest/03.jpg]
[florentpetitfrere.com/img/documentary/01-hongkong-protest/04.jpg]
[florentpetitfrere.com/img/documentary/02-myanmar/cover2.jpg]
[florentpetitfrere.com/documentary/01-hongkong-protest.html]
[florentpetitfrere.com/img/documentary/02-myanmar/01.jpg]
[florentpetitfrere.com/img/documentary/02-myanmar/02.jpg]
[florentpetitfrere.com/img/documentary/02-myanmar/03.jpg]
[florentpetitfrere.com/img/documentary/02-myanmar/04.jpg]
[florentpetitfrere.com/img/documentary/02-myanmar/05.jpg]
[florentpetitfrere.com/img/documentary/02-myanmar/06.jpg]
[florentpetitfrere.com/img/documentary/02-myanmar/07.jpg]
[florentpetitfrere.com/img/documentary/02-myanmar/08.jpg]
[florentpetitfrere.com/img/documentary/02-myanmar/09.jpg]
[florentpetitfrere.com/img/documentary/02-myanmar/10.jpg]
[florentpetitfrere.com/img/documentary/02-myanmar/11.jpg]
[florentpetitfrere.com/img/documentary/03-shangrila/cover2.jpg]
[florentpetitfrere.com/documentary/02-myanmar.html]
[florentpetitfrere.com/img/documentary/03-shangrila/01.jpg]
[florentpetitfrere.com/img/documentary/03-shangrila/02.jpg]
[florentpetitfrere.com/img/documentary/03-shangrila/03.jpg]
[florentpetitfrere.com/img/documentary/03-shangrila/04.jpg]
[florentpetitfrere.com/img/documentary/03-shangrila/05.jpg]
[florentpetitfrere.com/img/documentary/03-shangrila/06.jpg]
[florentpetitfrere.com/img/documentary/03-shangrila/07.jpg]
[florentpetitfrere.com/img/documentary/03-shangrila/08.jpg]
[florentpetitfrere.com/img/documentary/04-mumbai/cover2.jpg]
[florentpetitfrere.com/documentary/03-shangrila.html]
[florentpetitfrere.com/img/documentary/04-mumbai/01.jpg]
[florentpetitfrere.com/img/documentary/04-mumbai/02.jpg]
[florentpetitfrere.com/img/documentary/04-mumbai/03.jpg]
[florentpetitfrere.com/img/documentary/04-mumbai/04.jpg]
[florentpetitfrere.com/img/documentary/04-mumbai/05.jpg]
[florentpetitfrere.com/img/documentary/04-mumbai/06.jpg]
[florentpetitfrere.com/img/documentary/04-mumbai/07.jpg]
[florentpetitfrere.com/img/documentary/04-mumbai/08.jpg]
[florentpetitfrere.com/img/documentary/04-mumbai/09.jpg]
[florentpetitfrere.com/img/documentary/04-mumbai/10.jpg]
[florentpetitfrere.com/documentary/04-mumbai.html]
[florentpetitfrere.com/img/fashion/editorial/02-zebule/01.jpg]
[florentpetitfrere.com/img/fashion/editorial/03-bambi/02.jpg]
[florentpetitfrere.com/img/fashion/editorial/07-zebule/01.jpg]
[florentpetitfrere.com/img/fashion/portrait/03-male-headshot/cover2.html]
[florentpetitfrere.com/img/fashion/commissioned/07-donnabel/03.jpg]
[florentpetitfrere.com/img/fashion/portrait/03-male-headshot/05.jpg]
[florentpetitfrere.com/img/fashion/portrait/03-male-headshot/06.jpg]
[florentpetitfrere.com/img/fashion/portrait/03-male-headshot/07.jpg]
[florentpetitfrere.com/img/fashion/portrait/03-male-headshot/08.jpg]
[florentpetitfrere.com/img/fashion/portrait/03-male-headshot/09.jpg]
[florentpetitfrere.com/img/fashion/portrait/03-male-headshot/11.jpg]
[florentpetitfrere.com/img/fashion/portrait/03-male-headshot/12.jpg]
[florentpetitfrere.com/img/documentary/02-myanmar/10.jpg]
[florentpetitfrere.com/img/documentary/02-myanmar/11.jpg]
